------------------------------------------------------------
TimeQuest Timing Analyzer Summary
------------------------------------------------------------

Type  : Slow 1200mV 85C Model Setup 'D5M_PIXLCLK'
Slack : -27.568
TNS   : -848.711

Type  : Slow 1200mV 85C Model Setup 'I2C_CCD_Config:u8|mI2C_CTRL_CLK'
Slack : -3.055
TNS   : -179.597

Type  : Slow 1200mV 85C Model Setup 'CLOCK2_50'
Slack : -1.317
TNS   : -1.317

Type  : Slow 1200mV 85C Model Setup 'u6|altpll_component|auto_generated|pll1|clk[0]'
Slack : 2.020
TNS   : 0.000

Type  : Slow 1200mV 85C Model Setup 'u6|altpll_component|auto_generated|pll1|clk[3]'
Slack : 15.093
TNS   : 0.000

Type  : Slow 1200mV 85C Model Hold 'D5M_PIXLCLK'
Slack : 0.179
TNS   : 0.000

Type  : Slow 1200mV 85C Model Hold 'u6|altpll_component|auto_generated|pll1|clk[0]'
Slack : 0.342
TNS   : 0.000

Type  : Slow 1200mV 85C Model Hold 'CLOCK2_50'
Slack : 0.389
TNS   : 0.000

Type  : Slow 1200mV 85C Model Hold 'u6|altpll_component|auto_generated|pll1|clk[3]'
Slack : 0.402
TNS   : 0.000

Type  : Slow 1200mV 85C Model Hold 'I2C_CCD_Config:u8|mI2C_CTRL_CLK'
Slack : 0.404
TNS   : 0.000

Type  : Slow 1200mV 85C Model Recovery 'D5M_PIXLCLK'
Slack : -3.284
TNS   : -548.916

Type  : Slow 1200mV 85C Model Recovery 'I2C_CCD_Config:u8|mI2C_CTRL_CLK'
Slack : -2.979
TNS   : -63.315

Type  : Slow 1200mV 85C Model Recovery 'u6|altpll_component|auto_generated|pll1|clk[0]'
Slack : 3.143
TNS   : 0.000

Type  : Slow 1200mV 85C Model Recovery 'u6|altpll_component|auto_generated|pll1|clk[3]'
Slack : 13.142
TNS   : 0.000

Type  : Slow 1200mV 85C Model Recovery 'CLOCK2_50'
Slack : 15.432
TNS   : 0.000

Type  : Slow 1200mV 85C Model Removal 'I2C_CCD_Config:u8|mI2C_CTRL_CLK'
Slack : 1.198
TNS   : 0.000

Type  : Slow 1200mV 85C Model Removal 'D5M_PIXLCLK'
Slack : 1.496
TNS   : 0.000

Type  : Slow 1200mV 85C Model Removal 'CLOCK2_50'
Slack : 2.427
TNS   : 0.000

Type  : Slow 1200mV 85C Model Removal 'u6|altpll_component|auto_generated|pll1|clk[0]'
Slack : 5.072
TNS   : 0.000

Type  : Slow 1200mV 85C Model Removal 'u6|altpll_component|auto_generated|pll1|clk[3]'
Slack : 5.072
TNS   : 0.000

Type  : Slow 1200mV 85C Model Minimum Pulse Width 'D5M_PIXLCLK'
Slack : -3.000
TNS   : -467.649

Type  : Slow 1200mV 85C Model Minimum Pulse Width 'I2C_CCD_Config:u8|mI2C_CTRL_CLK'
Slack : -1.285
TNS   : -92.520

Type  : Slow 1200mV 85C Model Minimum Pulse Width 'u6|altpll_component|auto_generated|pll1|clk[0]'
Slack : 4.687
TNS   : 0.000

Type  : Slow 1200mV 85C Model Minimum Pulse Width 'CLOCK2_50'
Slack : 9.685
TNS   : 0.000

Type  : Slow 1200mV 85C Model Minimum Pulse Width 'u6|altpll_component|auto_generated|pll1|clk[3]'
Slack : 19.690
TNS   : 0.000

Type  : Slow 1200mV 0C Model Setup 'D5M_PIXLCLK'
Slack : -24.815
TNS   : -758.797

Type  : Slow 1200mV 0C Model Setup 'I2C_CCD_Config:u8|mI2C_CTRL_CLK'
Slack : -2.681
TNS   : -158.558

Type  : Slow 1200mV 0C Model Setup 'CLOCK2_50'
Slack : -1.189
TNS   : -1.189

Type  : Slow 1200mV 0C Model Setup 'u6|altpll_component|auto_generated|pll1|clk[0]'
Slack : 2.736
TNS   : 0.000

Type  : Slow 1200mV 0C Model Setup 'u6|altpll_component|auto_generated|pll1|clk[3]'
Slack : 15.607
TNS   : 0.000

Type  : Slow 1200mV 0C Model Hold 'D5M_PIXLCLK'
Slack : 0.122
TNS   : 0.000

Type  : Slow 1200mV 0C Model Hold 'u6|altpll_component|auto_generated|pll1|clk[0]'
Slack : 0.338
TNS   : 0.000

Type  : Slow 1200mV 0C Model Hold 'CLOCK2_50'
Slack : 0.348
TNS   : 0.000

Type  : Slow 1200mV 0C Model Hold 'u6|altpll_component|auto_generated|pll1|clk[3]'
Slack : 0.354
TNS   : 0.000

Type  : Slow 1200mV 0C Model Hold 'I2C_CCD_Config:u8|mI2C_CTRL_CLK'
Slack : 0.355
TNS   : 0.000

Type  : Slow 1200mV 0C Model Recovery 'D5M_PIXLCLK'
Slack : -2.779
TNS   : -455.945

Type  : Slow 1200mV 0C Model Recovery 'I2C_CCD_Config:u8|mI2C_CTRL_CLK'
Slack : -2.617
TNS   : -54.830

Type  : Slow 1200mV 0C Model Recovery 'u6|altpll_component|auto_generated|pll1|clk[0]'
Slack : 3.923
TNS   : 0.000

Type  : Slow 1200mV 0C Model Recovery 'u6|altpll_component|auto_generated|pll1|clk[3]'
Slack : 13.922
TNS   : 0.000

Type  : Slow 1200mV 0C Model Recovery 'CLOCK2_50'
Slack : 15.853
TNS   : 0.000

Type  : Slow 1200mV 0C Model Removal 'I2C_CCD_Config:u8|mI2C_CTRL_CLK'
Slack : 1.104
TNS   : 0.000

Type  : Slow 1200mV 0C Model Removal 'D5M_PIXLCLK'
Slack : 1.262
TNS   : 0.000

Type  : Slow 1200mV 0C Model Removal 'CLOCK2_50'
Slack : 2.196
TNS   : 0.000

Type  : Slow 1200mV 0C Model Removal 'u6|altpll_component|auto_generated|pll1|clk[0]'
Slack : 4.456
TNS   : 0.000

Type  : Slow 1200mV 0C Model Removal 'u6|altpll_component|auto_generated|pll1|clk[3]'
Slack : 4.456
TNS   : 0.000

Type  : Slow 1200mV 0C Model Minimum Pulse Width 'D5M_PIXLCLK'
Slack : -3.000
TNS   : -465.537

Type  : Slow 1200mV 0C Model Minimum Pulse Width 'I2C_CCD_Config:u8|mI2C_CTRL_CLK'
Slack : -1.285
TNS   : -92.520

Type  : Slow 1200mV 0C Model Minimum Pulse Width 'u6|altpll_component|auto_generated|pll1|clk[0]'
Slack : 4.682
TNS   : 0.000

Type  : Slow 1200mV 0C Model Minimum Pulse Width 'CLOCK2_50'
Slack : 9.692
TNS   : 0.000

Type  : Slow 1200mV 0C Model Minimum Pulse Width 'u6|altpll_component|auto_generated|pll1|clk[3]'
Slack : 19.681
TNS   : 0.000

Type  : Fast 1200mV 0C Model Setup 'D5M_PIXLCLK'
Slack : -12.699
TNS   : -386.220

Type  : Fast 1200mV 0C Model Setup 'I2C_CCD_Config:u8|mI2C_CTRL_CLK'
Slack : -1.003
TNS   : -51.204

Type  : Fast 1200mV 0C Model Setup 'CLOCK2_50'
Slack : -0.584
TNS   : -0.584

Type  : Fast 1200mV 0C Model Setup 'u6|altpll_component|auto_generated|pll1|clk[0]'
Slack : 5.740
TNS   : 0.000

Type  : Fast 1200mV 0C Model Setup 'u6|altpll_component|auto_generated|pll1|clk[3]'
Slack : 17.481
TNS   : 0.000

Type  : Fast 1200mV 0C Model Hold 'D5M_PIXLCLK'
Slack : 0.009
TNS   : 0.000

Type  : Fast 1200mV 0C Model Hold 'u6|altpll_component|auto_generated|pll1|clk[0]'
Slack : 0.133
TNS   : 0.000

Type  : Fast 1200mV 0C Model Hold 'CLOCK2_50'
Slack : 0.180
TNS   : 0.000

Type  : Fast 1200mV 0C Model Hold 'u6|altpll_component|auto_generated|pll1|clk[3]'
Slack : 0.181
TNS   : 0.000

Type  : Fast 1200mV 0C Model Hold 'I2C_CCD_Config:u8|mI2C_CTRL_CLK'
Slack : 0.182
TNS   : 0.000

Type  : Fast 1200mV 0C Model Recovery 'D5M_PIXLCLK'
Slack : -1.411
TNS   : -192.269

Type  : Fast 1200mV 0C Model Recovery 'I2C_CCD_Config:u8|mI2C_CTRL_CLK'
Slack : -0.971
TNS   : -18.641

Type  : Fast 1200mV 0C Model Recovery 'u6|altpll_component|auto_generated|pll1|clk[0]'
Slack : 6.293
TNS   : 0.000

Type  : Fast 1200mV 0C Model Recovery 'u6|altpll_component|auto_generated|pll1|clk[3]'
Slack : 16.295
TNS   : 0.000

Type  : Fast 1200mV 0C Model Recovery 'CLOCK2_50'
Slack : 17.690
TNS   : 0.000

Type  : Fast 1200mV 0C Model Removal 'I2C_CCD_Config:u8|mI2C_CTRL_CLK'
Slack : 0.449
TNS   : 0.000

Type  : Fast 1200mV 0C Model Removal 'D5M_PIXLCLK'
Slack : 0.801
TNS   : 0.000

Type  : Fast 1200mV 0C Model Removal 'CLOCK2_50'
Slack : 1.127
TNS   : 0.000

Type  : Fast 1200mV 0C Model Removal 'u6|altpll_component|auto_generated|pll1|clk[0]'
Slack : 2.714
TNS   : 0.000

Type  : Fast 1200mV 0C Model Removal 'u6|altpll_component|auto_generated|pll1|clk[3]'
Slack : 2.714
TNS   : 0.000

Type  : Fast 1200mV 0C Model Minimum Pulse Width 'D5M_PIXLCLK'
Slack : -3.000
TNS   : -464.184

Type  : Fast 1200mV 0C Model Minimum Pulse Width 'I2C_CCD_Config:u8|mI2C_CTRL_CLK'
Slack : -1.000
TNS   : -72.000

Type  : Fast 1200mV 0C Model Minimum Pulse Width 'u6|altpll_component|auto_generated|pll1|clk[0]'
Slack : 4.760
TNS   : 0.000

Type  : Fast 1200mV 0C Model Minimum Pulse Width 'CLOCK2_50'
Slack : 9.246
TNS   : 0.000

Type  : Fast 1200mV 0C Model Minimum Pulse Width 'u6|altpll_component|auto_generated|pll1|clk[3]'
Slack : 19.763
TNS   : 0.000

------------------------------------------------------------
